// Jest Snapshot v1, https://jestjs.io/docs/snapshot-testing

exports[`golden cue timeline produces the expected spoken script for a whole workout 1`] = `
[
  "0s [segmentStart] Easy. Ten minutes.",
  "300s [halfway] Halfway.",
  "540s [remainingTime] One minute left.",
  "597s [countdownBeep] (beep)",
  "598s [countdownBeep] (beep)",
  "599s [countdownSwitch] (beep)",
  "600s [segmentStart] Run. Four minutes.",
  "600s [setAnnouncement] Set first of four.",
  "720s [halfway] Halfway.",
  "780s [remainingTime] One minute left.",
  "837s [countdownBeep] (beep)",
  "838s [countdownBeep] (beep)",
  "839s [countdownSwitch] (beep)",
  "840s [segmentStart] Rest. Three minutes.",
  "930s [halfway] Halfway.",
  "1017s [countdownBeep] (beep)",
  "1018s [countdownBeep] (beep)",
  "1019s [countdownSwitch] (beep)",
  "1020s [setsLeft] Three sets left.",
  "1020s [segmentStart] Run. Four minutes.",
  "1020s [setAnnouncement] Set second of four.",
  "1140s [halfway] Halfway.",
  "1200s [remainingTime] One minute left.",
  "1257s [countdownBeep] (beep)",
  "1258s [countdownBeep] (beep)",
  "1259s [countdownSwitch] (beep)",
  "1260s [segmentStart] Rest. Three minutes.",
  "1350s [halfway] Halfway.",
  "1437s [countdownBeep] (beep)",
  "1438s [countdownBeep] (beep)",
  "1439s [countdownSwitch] (beep)",
  "1440s [setsLeft] Two sets left.",
  "1440s [segmentStart] Run. Four minutes.",
  "1440s [setAnnouncement] Set third of four.",
  "1560s [halfway] Halfway.",
  "1620s [remainingTime] One minute left.",
  "1677s [countdownBeep] (beep)",
  "1678s [countdownBeep] (beep)",
  "1679s [countdownSwitch] (beep)",
  "1680s [segmentStart] Rest. Three minutes.",
  "1770s [halfway] Halfway.",
  "1857s [countdownBeep] (beep)",
  "1858s [countdownBeep] (beep)",
  "1859s [countdownSwitch] (beep)",
  "1860s [setsLeft] One set left.",
  "1860s [segmentStart] Run. Four minutes.",
  "1860s [setAnnouncement] Set fourth of four.",
  "1980s [halfway] Halfway.",
  "2040s [remainingTime] One minute left.",
  "2097s [countdownBeep] (beep)",
  "2098s [countdownBeep] (beep)",
  "2099s [countdownSwitch] (beep)",
  "2100s [segmentStart] Rest. Three minutes.",
  "2190s [halfway] Halfway.",
  "2277s [countdownBeep] (beep)",
  "2278s [countdownBeep] (beep)",
  "2279s [countdownSwitch] (beep)",
  "2280s [segmentStart] Easy. Ten minutes.",
  "2580s [halfway] Halfway.",
  "2820s [remainingTime] One minute left.",
  "2877s [countdownBeep] (beep)",
  "2878s [countdownBeep] (beep)",
  "2879s [countdownSwitch] (beep)",
  "2880s [finish] Workout complete.",
]
`;
